<?xml version="1.0" encoding="UTF-8"?>
<testsuites name="jest tests" tests="1" failures="0" time="1.222">
  <testsuite name="PrivateApiGuard" errors="0" failures="0" skipped="0" timestamp="2020-02-23T13:15:08" time="1.157" tests="1">
    <testcase classname="PrivateApiGuard should be defined" name="PrivateApiGuard should be defined" time="0.003">
    </testcase>
  </testsuite>
</testsuites>